
T16627.hs:11:15: error:
    • No instance for (Typeable (->)) arising from a use of ‘typeRep’
        GHC can't yet do polykinded
          Typeable ((->) :: TYPE r1 -> TYPE r2 -> *)
    • In the first argument of ‘mkTrApp’, namely ‘typeRep’
      In the first argument of ‘mkTrApp’, namely ‘typeRep `mkTrApp` a’
      In the expression: typeRep `mkTrApp` a `mkTrApp` b
