
==================== Tidy Core ====================
Result size of Tidy Core = {terms: 74, types: 65, coercions: 0, joins: 0/4}

-- RHS size: {terms: 39, types: 25, coercions: 0, joins: 0/4}
T10694.$wpm [InlPrag=NOINLINE] :: Int -> Int -> (# Int, Int #)
[GblId, Arity=2, Str=<L,U(U)><L,U(U)>, Term=#, Cpr=(-, -), Unf=OtherCon []]
T10694.$wpm
  = \ (w_s2yA :: Int) (w1_s2yB :: Int) ->
      let {
        l_s2y4 :: Int
        [LclId]
        l_s2y4
          = case w_s2yA of { GHC.Types.I# x_a1vT -> case w1_s2yB of { GHC.Types.I# y_a1vX -> GHC.Types.I# (GHC.Prim.+# x_a1vT y_a1vX) } } } in
      let {
        l1_s2y5 :: Int
        [LclId]
        l1_s2y5
          = case w_s2yA of { GHC.Types.I# x_a1w3 -> case w1_s2yB of { GHC.Types.I# y_a1w7 -> GHC.Types.I# (GHC.Prim.-# x_a1w3 y_a1w7) } } } in
      let {
        l2_s2y6 :: [Int]
        [LclId, Unf=OtherCon []]
        l2_s2y6 = GHC.Types.: @ Int l1_s2y5 (GHC.Types.[] @ Int) } in
      let {
        l3_s1wk :: [Int]
        [LclId, Unf=OtherCon []]
        l3_s1wk = GHC.Types.: @ Int l_s2y4 l2_s2y6 } in
      (# GHC.List.$w!! @ Int l3_s1wk 0#, GHC.List.$w!! @ Int l3_s1wk 1# #)

-- RHS size: {terms: 10, types: 11, coercions: 0, joins: 0/0}
pm [InlPrag=NOUSERINLINE[0]] :: Int -> Int -> (Int, Int)
[GblId,
 Arity=2,
 Str=<L,U(U)><L,U(U)>,
 Term=#,
 Cpr=(-, -),
 Unf=Unf{Src=InlineStable, TopLvl=True, Value=True, ConLike=True, WorkFree=True, Expandable=True,
         Guidance=ALWAYS_IF(arity=2,unsat_ok=True,boring_ok=False)
         Tmpl= \ (w_s2yA [Occ=Once] :: Int) (w1_s2yB [Occ=Once] :: Int) ->
                 case T10694.$wpm w_s2yA w1_s2yB of { (# ww1_s2yE [Occ=Once], ww2_s2yF [Occ=Once] #) -> (ww1_s2yE, ww2_s2yF) }}]
pm = \ (w_s2yA :: Int) (w1_s2yB :: Int) -> case T10694.$wpm w_s2yA w1_s2yB of { (# ww1_s2yE, ww2_s2yF #) -> (ww1_s2yE, ww2_s2yF) }

-- RHS size: {terms: 8, types: 9, coercions: 0, joins: 0/0}
m :: Int -> Int -> Int
[GblId,
 Arity=2,
 Str=<L,U(U)><L,U(U)>,
 Unf=Unf{Src=InlineStable, TopLvl=True, Value=True, ConLike=True, WorkFree=True, Expandable=True,
         Guidance=ALWAYS_IF(arity=2,unsat_ok=True,boring_ok=False)
         Tmpl= \ (x_a14i [Occ=Once] :: Int) (y_a14j [Occ=Once] :: Int) ->
                 case pm x_a14i y_a14j of { (_ [Occ=Dead], mr_a14l [Occ=Once]) -> mr_a14l }}]
m = \ (x_a14i :: Int) (y_a14j :: Int) -> case T10694.$wpm x_a14i y_a14j of { (# ww1_s2yE, ww2_s2yF #) -> ww2_s2yF }

-- RHS size: {terms: 1, types: 0, coercions: 0, joins: 0/0}
T10694.$trModule4 :: GHC.Prim.Addr#
[GblId,
 Caf=NoCafRefs,
 Unf=Unf{Src=<vanilla>, TopLvl=True, Value=True, ConLike=True, WorkFree=True, Expandable=True, Guidance=IF_ARGS [] 20 0}]
T10694.$trModule4 = "main"#

-- RHS size: {terms: 2, types: 0, coercions: 0, joins: 0/0}
T10694.$trModule3 :: GHC.Types.TrName
[GblId,
 Caf=NoCafRefs,
 Term=#,
 Cpr=1(-),
 Unf=Unf{Src=<vanilla>, TopLvl=True, Value=True, ConLike=True, WorkFree=True, Expandable=True, Guidance=IF_ARGS [] 10 20}]
T10694.$trModule3 = GHC.Types.TrNameS T10694.$trModule4

-- RHS size: {terms: 1, types: 0, coercions: 0, joins: 0/0}
T10694.$trModule2 :: GHC.Prim.Addr#
[GblId,
 Caf=NoCafRefs,
 Unf=Unf{Src=<vanilla>, TopLvl=True, Value=True, ConLike=True, WorkFree=True, Expandable=True, Guidance=IF_ARGS [] 30 0}]
T10694.$trModule2 = "T10694"#

-- RHS size: {terms: 2, types: 0, coercions: 0, joins: 0/0}
T10694.$trModule1 :: GHC.Types.TrName
[GblId,
 Caf=NoCafRefs,
 Term=#,
 Cpr=1(-),
 Unf=Unf{Src=<vanilla>, TopLvl=True, Value=True, ConLike=True, WorkFree=True, Expandable=True, Guidance=IF_ARGS [] 10 20}]
T10694.$trModule1 = GHC.Types.TrNameS T10694.$trModule2

-- RHS size: {terms: 3, types: 0, coercions: 0, joins: 0/0}
T10694.$trModule :: GHC.Types.Module
[GblId,
 Caf=NoCafRefs,
 Term=#(#, #),
 Cpr=(1(-), 1(-)),
 Unf=Unf{Src=<vanilla>, TopLvl=True, Value=True, ConLike=True, WorkFree=True, Expandable=True, Guidance=IF_ARGS [] 10 30}]
T10694.$trModule = GHC.Types.Module T10694.$trModule3 T10694.$trModule1



