
==================== Strictness signatures ====================
CaseBinderCPR.$trModule: #(#, #) (1, 1)
CaseBinderCPR.f_list_cmp: <L,C(C1(U(U)))><S,1*U><S,1*U> * (-)



==================== Strictness signatures ====================
CaseBinderCPR.$trModule: #(#, #) (1, 1)
CaseBinderCPR.f_list_cmp: <L,C(C1(U(1*U)))><S,1*U><S,1*U> *(#) (-)


