
==================== Strictness signatures ====================
DmdAnalGADTs.$tc'A: #(*, *, #(#, #), #, *,
                      #1(#(*, *, #(#, #), #, *, #4(#, #)), #2(#1(#, *), *))) (-, -,
                                                                              (1(-), 1(-)), 1(-), -,
                                                                              1(-, -))
DmdAnalGADTs.$tc'B: #(*, *, #(#, #), #, *,
                      #1(#(*, *, #(#, #), #, *, #4(#, #)), #2(#4(#, #), *))) (-, -,
                                                                              (1(-), 1(-)), 1(-), -,
                                                                              1(-, -))
DmdAnalGADTs.$tcD: #(*, *, #(#, #), #, *, #4(#, #)) (-, -,
                                                     (1(-), 1(-)), 1(-), -, 4(-, -))
DmdAnalGADTs.$trModule: #(#, #) (1(-), 1(-))
DmdAnalGADTs.diverges: b *(#..) b
DmdAnalGADTs.f: <S,1*U> * -
DmdAnalGADTs.f': <S,1*U> # (-)
DmdAnalGADTs.g: <S,1*U> * -
DmdAnalGADTs.hasCPR: # (-)
DmdAnalGADTs.hasStrSig: <S,1*U(U)> # (-)



==================== Strictness signatures ====================
DmdAnalGADTs.$tc'A: #(*, *, #(#, #), #, *,
                      #1(#(*, *, #(#, #), #, *, #4(#, #)), #2(#1(#, *), *))) (-, -,
                                                                              (1(-), 1(-)), 1(-), -,
                                                                              1(-, -))
DmdAnalGADTs.$tc'B: #(*, *, #(#, #), #, *,
                      #1(#(*, *, #(#, #), #, *, #4(#, #)), #2(#4(#, #), *))) (-, -,
                                                                              (1(-), 1(-)), 1(-), -,
                                                                              1(-, -))
DmdAnalGADTs.$tcD: #(*, *, #(#, #), #, *, #4(#, #)) (-, -,
                                                     (1(-), 1(-)), 1(-), -, 4(-, -))
DmdAnalGADTs.$trModule: #(#, #) (1(-), 1(-))
DmdAnalGADTs.diverges: b *(#..) b
DmdAnalGADTs.f: <S,1*U> * -
DmdAnalGADTs.f': <S,1*U> # (-)
DmdAnalGADTs.g: <S,1*U> * -
DmdAnalGADTs.hasCPR: # (-)
DmdAnalGADTs.hasStrSig: <S,1*U(U)> # (-)


