
==================== Strictness signatures ====================
HyperStrUse.$trModule: #(#, #) (1(-), 1(-))
HyperStrUse.f: <S(SL),1*U(1*U(U),A)><S,1*U> * (-)



==================== Strictness signatures ====================
HyperStrUse.$trModule: #(#, #) (1(-), 1(-))
HyperStrUse.f: <S(SL),1*U(1*U(U),A)><S,1*U> * (-)


