
==================== Strictness signatures ====================
Test.$tc'MkT: #(*, *, #(#, #), #, *,
                #4(#4(#1(#, *), #4(#, #)), #1(#(*, *, #, #, *, #), *))) (-, -,
                                                                         (1(-), 1(-)), 1(-), -,
                                                                         4(-, -))
Test.$tcT: #(*, *, #(#, #), #, *, #) (-, -, (1(-), 1(-)), 1(-), -,
                                      5(-))
Test.$trModule: #(#, #) (1(-), 1(-))
Test.t: <S,1*U(U)><S,1*U(U)> #(#) (-)
Test.t2: <S,1*U(U)><S,1*U(U)> #(#) (-)



==================== Strictness signatures ====================
Test.$tc'MkT: #(*, *, #(#, #), #, *,
                #4(#4(#1(#, *), #4(#, #)), #1(#(*, *, #, #, *, #), *))) (-, -,
                                                                         (1(-), 1(-)), 1(-), -,
                                                                         4(-, -))
Test.$tcT: #(*, *, #(#, #), #, *, #) (-, -, (1(-), 1(-)), 1(-), -,
                                      5(-))
Test.$trModule: #(#, #) (1(-), 1(-))
Test.t: <S,1*U(U)><S,1*U(U)> #(#) (-)
Test.t2: <S,1*U(U)><S,1*U(U)> #(#) (-)


