
==================== Strictness signatures ====================
StrAnalExample.$trModule: #(#, #) (1(-), 1(-))
StrAnalExample.foo: <S,1*U> # -



==================== Strictness signatures ====================
StrAnalExample.$trModule: #(#, #) (1(-), 1(-))
StrAnalExample.foo: <S,1*U> # -


