
==================== Strictness signatures ====================
T12370.$trModule: #(#, #) (1(-), 1(-))
T12370.bar: <S,1*U(U)><S,1*U(U)> #(#) (-)
T12370.foo: <S(SS),1*U(1*U(U),1*U(U))> #(#) (-)



==================== Strictness signatures ====================
T12370.$trModule: #(#, #) (1(-), 1(-))
T12370.bar: <S,1*U(U)><S,1*U(U)> #(#) (-)
T12370.foo: <S(SS),1*U(1*U(U),1*U(U))> #(#) (-)


