
==================== Strictness signatures ====================
T8569.$tc'Rdata: #(*, *, #(#, #), #, *,
                   #4(#1(#(*, *, #, #, *, #), #2(#, *)), #4(#4(#, #), #1(#, #)))) (-,
                                                                                   -, (1(-), 1(-)),
                                                                                   1(-), -, 4(-, -))
T8569.$tc'Rint: #(*, *, #(#, #), #, *,
                  #1(#(*, *, #(#, #), #, *, #4(#, #)), #2(#1(#, *), *))) (-, -,
                                                                          (1(-), 1(-)), 1(-), -,
                                                                          1(-, -))
T8569.$tcRep: #(*, *, #(#, #), #, *, #4(#, #)) (-, -, (1(-), 1(-)),
                                                1(-), -, 4(-, -))
T8569.$trModule: #(#, #) (1(-), 1(-))
T8569.addUp: <S,1*U><L,U> * -



==================== Strictness signatures ====================
T8569.$tc'Rdata: #(*, *, #(#, #), #, *,
                   #4(#1(#(*, *, #, #, *, #), #2(#, *)), #4(#4(#, #), #1(#, #)))) (-,
                                                                                   -, (1(-), 1(-)),
                                                                                   1(-), -, 4(-, -))
T8569.$tc'Rint: #(*, *, #(#, #), #, *,
                  #1(#(*, *, #(#, #), #, *, #4(#, #)), #2(#1(#, *), *))) (-, -,
                                                                          (1(-), 1(-)), 1(-), -,
                                                                          1(-, -))
T8569.$tcRep: #(*, *, #(#, #), #, *, #4(#, #)) (-, -, (1(-), 1(-)),
                                                1(-), -, 4(-, -))
T8569.$trModule: #(#, #) (1(-), 1(-))
T8569.addUp: <S,1*U><L,U> * -


