
==================== Strictness signatures ====================
T8598.$trModule: #(#, #) (1(-), 1(-))
T8598.fun: <S,1*U(U)> * (-)



==================== Strictness signatures ====================
T8598.$trModule: #(#, #) (1(-), 1(-))
T8598.fun: <S,1*U(U)> *(#) (-)


