
==================== Strictness signatures ====================
UnsatFun.$trModule: #(#, #) (1(-), 1(-))
UnsatFun.f: <B,1*U(U)><B,A>b * b
UnsatFun.g: <B,1*U(U)>b * -
UnsatFun.g': <L,1*U(U)> * -
UnsatFun.g3: <L,U(U)> * (-)
UnsatFun.h: <C(S),1*C1(U(U))> * -
UnsatFun.h2: <S,1*U><L,1*C1(U(U))> * -
UnsatFun.h3: <C(S),1*C1(U)> * (-)



==================== Strictness signatures ====================
UnsatFun.$trModule: #(#, #) (1(-), 1(-))
UnsatFun.f: <B,1*U(U)><B,A>b * b
UnsatFun.g: <B,1*U(U)>b * -
UnsatFun.g': <L,1*U(U)> * -
UnsatFun.g3: <L,U(U)> *(#) (-)
UnsatFun.h: <C(S),1*C1(U(U))> * -
UnsatFun.h2: <S,1*U><L,1*C1(U(U))> * -
UnsatFun.h3: <C(S),1*C1(U)> *(#) (-)


