
==================== Strictness signatures ====================
Foo.$trModule: #(#, #) (1(-), 1(-))
Foo.f: <S(S),1*U(1*U)><S,1*U(U)><S,1*U(U)> #(#) (-)
Foo.g: <S(SS),1*U(1*U(U),1*U(U))> #(#) (-)



==================== Strictness signatures ====================
Foo.$trModule: #(#, #) (1(-), 1(-))
Foo.f: <S(S),1*U(1*U)><S,1*U(U)><S,1*U(U)> *(#) (-)
Foo.g: <S(SS),1*U(1*U(U),1*U(U))> #(#) (-)


